// Jest Snapshot v1, https://goo.gl/fbAQLP

exports[`AddSets component renders the UI as expected 1`] = `
<input
  className="set-number-input"
  onChange={[Function]}
  type="number"
/>
`;
