// Jest Snapshot v1, https://goo.gl/fbAQLP

exports[`AssignButton renders the UI as expected 1`] = `null`;
