// Jest Snapshot v1, https://goo.gl/fbAQLP

exports[`Distance renders the UI as expected 1`] = `null`;
