// Jest Snapshot v1, https://goo.gl/fbAQLP

exports[`ExerciseSelection renders the UI as expected 1`] = `
<select
  className="exercise-selector"
>
  <option>
    SELECT EXERCISE
  </option>
</select>
`;
