// Jest Snapshot v1, https://goo.gl/fbAQLP

exports[`Recurrance renders the UI as expected 1`] = `
<li>
  <b>
    EVERY DAY
  </b>
</li>
`;
