// Jest Snapshot v1, https://goo.gl/fbAQLP

exports[`Reps component renders the UI as expected 1`] = `" No rep type selected"`;
