// Jest Snapshot v1, https://goo.gl/fbAQLP

exports[`SingleDateSelector renders the UI as expected 1`] = `
<div
  className="date-selector"
>
  <label
    htmlFor="start-month-selector"
  >
    Select Month
  </label>
  <select
    className="month-selector"
    id="start-month-selector"
    onChange={[Function]}
  >
    <option>
      MONTH
    </option>
    <option>
      January
    </option>
    <option>
      February
    </option>
    <option>
      March
    </option>
    <option>
      April
    </option>
    <option>
      May
    </option>
    <option>
      June
    </option>
    <option>
      July
    </option>
    <option>
      August
    </option>
    <option>
      September
    </option>
    <option>
      October
    </option>
    <option>
      November
    </option>
    <option>
      December
    </option>
  </select>
  <label
    htmlFor="start-day-selector"
  >
    Select Start Day
  </label>
  <select
    className="day-selector"
    id="start-day-selector"
    onChange={[Function]}
  />
  <label
    htmlFor="start-year-selector"
  >
    Select Start Year
  </label>
  <select
    className="year-selector"
    id="start-year-selector"
    onChange={[Function]}
  >
    <option>
      2020
    </option>
    <option>
      2021
    </option>
  </select>
</div>
`;
